// Jest Snapshot v1, https://goo.gl/fbAQLP

exports[`should render AddExpense correctly 1`] = `
<div
  className="container"
>
  <h1>
    Create An Expense
  </h1>
  <ExpenseForm
    onSubmit={[Function]}
  />
</div>
`;
