// Jest Snapshot v1, https://goo.gl/fbAQLP

exports[`should render Header correctly 1`] = `
<header>
  <h1>
    Expensify
  </h1>
  <NavLink
    activeClassName="active"
    ariaCurrent="true"
    to="/dashboard"
  >
    Go home
  </NavLink>
  <NavLink
    activeClassName="active"
    ariaCurrent="true"
    to="/create"
  >
    Create an Expense
  </NavLink>
  <NavLink
    activeClassName="active"
    ariaCurrent="true"
    to="/edit/:id"
  >
    Edit Expense
  </NavLink>
  <NavLink
    activeClassName="active"
    ariaCurrent="true"
    to="/help"
  >
    Help Page
  </NavLink>
  <button
    onClick={[Function]}
  >
    Logout
  </button>
</header>
`;
